<!doctype html public "-//w3c//dtd html 4.0 transitional//en">
<html><head>
<title>Static Call Graph - [.\Objects\lab4.axf]</title></head>
<body><HR>
<H1>Static Call Graph for image .\Objects\lab4.axf</H1><HR>
<BR><P>#&#060CALLGRAPH&#062# ARM Linker, 6240002: Last Updated: Thu Oct 30 17:56:34 2025
<BR><P>
<H3>Maximum Stack Usage =          0 bytes + Unknown(Functions without stacksize, Cycles, Untraceable Function Pointers)</H3><H3>
Call chain for Maximum Stack Depth:</H3>

<P>
<H3>
Functions with no stack information
</H3><UL>
 <LI><a href="#[0]">Reset_Handler</a>
</UL>
</UL>
<P>
<H3>
Mutually Recursive functions
</H3> <LI><a href="#[5]">not_pressed</a>&nbsp;&nbsp;&nbsp;&rArr;&nbsp;&nbsp;&nbsp;<a href="#[3]">press</a><BR>
</UL>
<P>
<H3>
Function Pointers
</H3><UL>
 <LI><a href="#[0]">Reset_Handler</a> from main.o(MYCODE) referenced from main.o(RESET)
</UL>
<P>
<H3>
Global Symbols
</H3>
<P><STRONG><a name="[0]"></a>Reset_Handler</STRONG> (Thumb, 0 bytes, Stack size unknown bytes, main.o(MYCODE))
<BR><BR>[Calls]<UL><LI><a href="#[3]">&gt;&gt;</a>&nbsp;&nbsp;&nbsp;press
<LI><a href="#[2]">&gt;&gt;</a>&nbsp;&nbsp;&nbsp;blinkLoop
<LI><a href="#[1]">&gt;&gt;</a>&nbsp;&nbsp;&nbsp;instantiate
</UL>
<BR>[Address Reference Count : 1]<UL><LI> main.o(RESET)
</UL><P>
<H3>
Local Symbols
</H3>
<P><STRONG><a name="[1]"></a>instantiate</STRONG> (Thumb, 50 bytes, Stack size 0 bytes, main.o(MYCODE))
<BR><BR>[Called By]<UL><LI><a href="#[0]">&gt;&gt;</a>&nbsp;&nbsp;&nbsp;Reset_Handler
</UL>

<P><STRONG><a name="[2]"></a>blinkLoop</STRONG> (Thumb, 50 bytes, Stack size 0 bytes, main.o(MYCODE))
<BR><BR>[Called By]<UL><LI><a href="#[0]">&gt;&gt;</a>&nbsp;&nbsp;&nbsp;Reset_Handler
</UL>

<P><STRONG><a name="[3]"></a>press</STRONG> (Thumb, 16 bytes, Stack size 0 bytes, main.o(MYCODE))
<BR><BR>[Calls]<UL><LI><a href="#[5]">&gt;&gt;</a>&nbsp;&nbsp;&nbsp;not_pressed
</UL>
<BR>[Called By]<UL><LI><a href="#[0]">&gt;&gt;</a>&nbsp;&nbsp;&nbsp;Reset_Handler
<LI><a href="#[5]">&gt;&gt;</a>&nbsp;&nbsp;&nbsp;not_pressed
<LI><a href="#[4]">&gt;&gt;</a>&nbsp;&nbsp;&nbsp;turn_on
</UL>

<P><STRONG><a name="[4]"></a>turn_on</STRONG> (Thumb, 10 bytes, Stack size 0 bytes, main.o(MYCODE), UNUSED, KEPT)
<BR><BR>[Calls]<UL><LI><a href="#[3]">&gt;&gt;</a>&nbsp;&nbsp;&nbsp;press
</UL>

<P><STRONG><a name="[5]"></a>not_pressed</STRONG> (Thumb, 10 bytes, Stack size 0 bytes, main.o(MYCODE))
<BR><BR>[Calls]<UL><LI><a href="#[3]">&gt;&gt;</a>&nbsp;&nbsp;&nbsp;press
</UL>
<BR>[Called By]<UL><LI><a href="#[3]">&gt;&gt;</a>&nbsp;&nbsp;&nbsp;press
</UL>
<P>
<H3>
Undefined Global Symbols
</H3><HR></body></html>
